EN binary_cnt NULL /home/lab661/Documents/xradek03/Digital-electronics-1/Labs/05-counter_binary/binary_counter/binary_cnt.vhd sub00/vhpl06 1583321974
EN hex_to_7seg NULL /home/lab661/Documents/xradek03/Digital-electronics-1/Labs/03-segment/hex_to_segment/hex_to_7seg.vhd sub00/vhpl02 1583321976
AR binary_cnt behavioral /home/lab661/Documents/xradek03/Digital-electronics-1/Labs/05-counter_binary/binary_counter/binary_cnt.vhd sub00/vhpl07 1583321975
EN top NULL /home/lab661/Documents/xradek03/Digital-electronics-1/Labs/05-counter_binary/binary_counter/top.vhd sub00/vhpl00 1583321978
AR clock_enable behavioral /home/lab661/Documents/xradek03/Digital-electronics-1/Labs/05-counter_binary/binary_counter/clock_enable.vhd sub00/vhpl05 1583321973
AR hex_to_7seg behavioral /home/lab661/Documents/xradek03/Digital-electronics-1/Labs/03-segment/hex_to_segment/hex_to_7seg.vhd sub00/vhpl03 1583321977
EN clock_enable NULL /home/lab661/Documents/xradek03/Digital-electronics-1/Labs/05-counter_binary/binary_counter/clock_enable.vhd sub00/vhpl04 1583321972
AR top behavioral /home/lab661/Documents/xradek03/Digital-electronics-1/Labs/05-counter_binary/binary_counter/top.vhd sub00/vhpl01 1583321979
