EN hex_to_7seg NULL /home/lab661/Documents/xradek03/Digital-electronics-1/Labs/03-segment/hex_to_segment/hex_to_7seg.vhd sub00/vhpl04 1582717579
EN half_adder NULL /home/lab661/Documents/xradek03/Digital-electronics-1/Labs/04-adder/half_adder/half_adder.vhd sub00/vhpl00 1582717575
EN top NULL /home/lab661/Documents/xradek03/Digital-electronics-1/Labs/04-adder/half_adder/top.vhd sub00/vhpl06 1582717581
EN full_adder NULL /home/lab661/Documents/xradek03/Digital-electronics-1/Labs/04-adder/half_adder/full_adder.vhd sub00/vhpl02 1582717577
AR hex_to_7seg behavioral /home/lab661/Documents/xradek03/Digital-electronics-1/Labs/03-segment/hex_to_segment/hex_to_7seg.vhd sub00/vhpl05 1582717580
AR full_adder behavioral /home/lab661/Documents/xradek03/Digital-electronics-1/Labs/04-adder/half_adder/full_adder.vhd sub00/vhpl03 1582717578
AR half_adder behavioral /home/lab661/Documents/xradek03/Digital-electronics-1/Labs/04-adder/half_adder/half_adder.vhd sub00/vhpl01 1582717576
AR top behavioral /home/lab661/Documents/xradek03/Digital-electronics-1/Labs/04-adder/half_adder/top.vhd sub00/vhpl07 1582717582
