V3 15
FL /home/lab661/Documents/xradek03/Digital-electronics-1/Labs/03-segment/hex_to_segment/hex_to_7seg.vhd 2020/02/19.11:31:23 P.20131013
EN work/hex_to_7seg 1582717579 \
      FL /home/lab661/Documents/xradek03/Digital-electronics-1/Labs/03-segment/hex_to_segment/hex_to_7seg.vhd \
      PB ieee/std_logic_1164 1381692176
AR work/hex_to_7seg/Behavioral 1582717580 \
      FL /home/lab661/Documents/xradek03/Digital-electronics-1/Labs/03-segment/hex_to_segment/hex_to_7seg.vhd \
      EN work/hex_to_7seg 1582717579
FL /home/lab661/Documents/xradek03/Digital-electronics-1/Labs/04-adder/half_adder/full_adder.vhd 2020/02/26.11:33:36 P.20131013
EN work/full_adder 1582717577 \
      FL /home/lab661/Documents/xradek03/Digital-electronics-1/Labs/04-adder/half_adder/full_adder.vhd \
      PB ieee/std_logic_1164 1381692176
AR work/full_adder/Behavioral 1582717578 \
      FL /home/lab661/Documents/xradek03/Digital-electronics-1/Labs/04-adder/half_adder/full_adder.vhd \
      EN work/full_adder 1582717577 CP work/half_adder
FL /home/lab661/Documents/xradek03/Digital-electronics-1/Labs/04-adder/half_adder/half_adder.vhd 2020/02/26.11:06:27 P.20131013
EN work/half_adder 1582717575 \
      FL /home/lab661/Documents/xradek03/Digital-electronics-1/Labs/04-adder/half_adder/half_adder.vhd \
      PB ieee/std_logic_1164 1381692176
AR work/half_adder/Behavioral 1582717576 \
      FL /home/lab661/Documents/xradek03/Digital-electronics-1/Labs/04-adder/half_adder/half_adder.vhd \
      EN work/half_adder 1582717575
FL /home/lab661/Documents/xradek03/Digital-electronics-1/Labs/04-adder/half_adder/top.vhd 2020/02/26.12:46:09 P.20131013
EN work/top 1582717581 \
      FL /home/lab661/Documents/xradek03/Digital-electronics-1/Labs/04-adder/half_adder/top.vhd \
      PB ieee/std_logic_1164 1381692176
AR work/top/Behavioral 1582717582 \
      FL /home/lab661/Documents/xradek03/Digital-electronics-1/Labs/04-adder/half_adder/top.vhd \
      EN work/top 1582717581 CP work/full_adder CP work/hex_to_7seg
