Release 14.7 - xst P.20131013 (lin64)
Copyright (c) 1995-2013 Xilinx, Inc.  All rights reserved.
--> 
Parameter TMPDIR set to xst/projnav.tmp


Total REAL time to Xst completion: 0.00 secs
Total CPU time to Xst completion: 0.07 secs
 
--> 
Parameter xsthdpdir set to xst


Total REAL time to Xst completion: 0.00 secs
Total CPU time to Xst completion: 0.07 secs
 
--> 
Reading design: top.prj

TABLE OF CONTENTS
  1) Synthesis Options Summary
  2) HDL Compilation
  3) Design Hierarchy Analysis
  4) HDL Analysis
  5) HDL Synthesis
     5.1) HDL Synthesis Report
  6) Advanced HDL Synthesis
     6.1) Advanced HDL Synthesis Report
  7) Low Level Synthesis
  8) Partition Report
  9) Final Report

=========================================================================
*                      Synthesis Options Summary                        *
=========================================================================
---- Source Parameters
Input File Name                    : "top.prj"
Input Format                       : mixed
Ignore Synthesis Constraint File   : NO

---- Target Parameters
Output File Name                   : "top"
Output Format                      : NGC
Target Device                      : CoolRunner2 CPLDs

---- Source Options
Top Module Name                    : top
Automatic FSM Extraction           : YES
FSM Encoding Algorithm             : Auto
Safe Implementation                : No
Mux Extraction                     : Yes
Resource Sharing                   : YES

---- Target Options
Add IO Buffers                     : YES
MACRO Preserve                     : YES
XOR Preserve                       : YES
Equivalent register Removal        : YES

---- General Options
Optimization Goal                  : Speed
Optimization Effort                : 1
Keep Hierarchy                     : Yes
Netlist Hierarchy                  : As_Optimized
RTL Output                         : Yes
Hierarchy Separator                : /
Bus Delimiter                      : <>
Case Specifier                     : Maintain
Verilog 2001                       : YES

---- Other Options
Clock Enable                       : YES
wysiwyg                            : NO

=========================================================================


=========================================================================
*                          HDL Compilation                              *
=========================================================================
Compiling vhdl file "/home/lab661/Documents/xradek03/Digital-electronics-1/Labs/04-adder/half_adder/half_adder.vhd" in Library work.
Architecture behavioral of Entity half_adder is up to date.
Compiling vhdl file "/home/lab661/Documents/xradek03/Digital-electronics-1/Labs/04-adder/half_adder/full_adder.vhd" in Library work.
Architecture behavioral of Entity full_adder is up to date.
Compiling vhdl file "/home/lab661/Documents/xradek03/Digital-electronics-1/Labs/03-segment/hex_to_segment/hex_to_7seg.vhd" in Library work.
Architecture behavioral of Entity hex_to_7seg is up to date.
Compiling vhdl file "/home/lab661/Documents/xradek03/Digital-electronics-1/Labs/04-adder/half_adder/top.vhd" in Library work.
Entity <top> compiled.
Entity <top> (Architecture <behavioral>) compiled.

=========================================================================
*                     Design Hierarchy Analysis                         *
=========================================================================
Analyzing hierarchy for entity <top> in library <work> (architecture <behavioral>).

Analyzing hierarchy for entity <full_adder> in library <work> (architecture <Behavioral>).

Analyzing hierarchy for entity <hex_to_7seg> in library <work> (architecture <Behavioral>).

Analyzing hierarchy for entity <half_adder> in library <work> (architecture <Behavioral>).


=========================================================================
*                            HDL Analysis                               *
=========================================================================
Analyzing Entity <top> in library <work> (Architecture <behavioral>).
Entity <top> analyzed. Unit <top> generated.

Analyzing Entity <full_adder> in library <work> (Architecture <Behavioral>).
Entity <full_adder> analyzed. Unit <full_adder> generated.

Analyzing Entity <half_adder> in library <work> (Architecture <Behavioral>).
Entity <half_adder> analyzed. Unit <half_adder> generated.

Analyzing Entity <hex_to_7seg> in library <work> (Architecture <Behavioral>).
Entity <hex_to_7seg> analyzed. Unit <hex_to_7seg> generated.


=========================================================================
*                           HDL Synthesis                               *
=========================================================================

Performing bidirectional port resolution...

Synthesizing Unit <hex_to_7seg>.
    Related source file is "/home/lab661/Documents/xradek03/Digital-electronics-1/Labs/03-segment/hex_to_segment/hex_to_7seg.vhd".
    Found 16x7-bit ROM for signal <seg_o>.
    Summary:
	inferred   1 ROM(s).
Unit <hex_to_7seg> synthesized.


Synthesizing Unit <half_adder>.
    Related source file is "/home/lab661/Documents/xradek03/Digital-electronics-1/Labs/04-adder/half_adder/half_adder.vhd".
    Found 1-bit xor2 for signal <sum_o>.
    Summary:
	inferred   1 Xor(s).
Unit <half_adder> synthesized.


Synthesizing Unit <full_adder>.
    Related source file is "/home/lab661/Documents/xradek03/Digital-electronics-1/Labs/04-adder/half_adder/full_adder.vhd".
Unit <full_adder> synthesized.


Synthesizing Unit <top>.
    Related source file is "/home/lab661/Documents/xradek03/Digital-electronics-1/Labs/04-adder/half_adder/top.vhd".
WARNING:Xst:647 - Input <SW11_CPLD> is never used. This port will be preserved and left unconnected if it belongs to a top-level block or it belongs to a sub-block and the hierarchy of this sub-block is preserved.
WARNING:Xst:647 - Input <SW0_CPLD> is never used. This port will be preserved and left unconnected if it belongs to a top-level block or it belongs to a sub-block and the hierarchy of this sub-block is preserved.
WARNING:Xst:647 - Input <SW1_CPLD> is never used. This port will be preserved and left unconnected if it belongs to a top-level block or it belongs to a sub-block and the hierarchy of this sub-block is preserved.
WARNING:Xst:647 - Input <SW2_CPLD> is never used. This port will be preserved and left unconnected if it belongs to a top-level block or it belongs to a sub-block and the hierarchy of this sub-block is preserved.
WARNING:Xst:647 - Input <SW8_CPLD> is never used. This port will be preserved and left unconnected if it belongs to a top-level block or it belongs to a sub-block and the hierarchy of this sub-block is preserved.
WARNING:Xst:647 - Input <SW3_CPLD> is never used. This port will be preserved and left unconnected if it belongs to a top-level block or it belongs to a sub-block and the hierarchy of this sub-block is preserved.
WARNING:Xst:647 - Input <SW9_CPLD> is never used. This port will be preserved and left unconnected if it belongs to a top-level block or it belongs to a sub-block and the hierarchy of this sub-block is preserved.
WARNING:Xst:647 - Input <SW10_CPLD> is never used. This port will be preserved and left unconnected if it belongs to a top-level block or it belongs to a sub-block and the hierarchy of this sub-block is preserved.
WARNING:Xst:653 - Signal <s_dataB> is used but never assigned. This sourceless signal will be automatically connected to value 0000.
WARNING:Xst:653 - Signal <s_dataA> is used but never assigned. This sourceless signal will be automatically connected to value 0000.
Unit <top> synthesized.


=========================================================================
HDL Synthesis Report

Macro Statistics
# ROMs                                                 : 1
 16x7-bit ROM                                          : 1
# Xors                                                 : 8
 1-bit xor2                                            : 8

=========================================================================

=========================================================================
*                       Advanced HDL Synthesis                          *
=========================================================================

WARNING:Xst:1290 - Hierarchical block <FULLADDER0> is unconnected in block <top>.
   It will be removed from the design.
WARNING:Xst:1290 - Hierarchical block <FULLADDER1> is unconnected in block <top>.
   It will be removed from the design.
WARNING:Xst:1290 - Hierarchical block <FULLADDER2> is unconnected in block <top>.
   It will be removed from the design.
WARNING:Xst:1290 - Hierarchical block <HALFADDER0> is unconnected in block <FULLADDER3>.
   It will be removed from the design.
WARNING:Xst:1290 - Hierarchical block <HALFADDER1> is unconnected in block <FULLADDER3>.
   It will be removed from the design.

=========================================================================
Advanced HDL Synthesis Report

Macro Statistics
# ROMs                                                 : 1
 16x7-bit ROM                                          : 1

=========================================================================

=========================================================================
*                         Low Level Synthesis                           *
=========================================================================

Optimizing unit <top> ...

Optimizing unit <hex_to_7seg> ...

Optimizing unit <half_adder> ...

Optimizing unit <full_adder> ...
WARNING:Xst:1290 - Hierarchical block <HALFADDER1> is unconnected in block <FULLADDER3>.
   It will be removed from the design.
WARNING:Xst:1290 - Hierarchical block <HALFADDER0> is unconnected in block <FULLADDER3>.
   It will be removed from the design.
WARNING:Xst:1290 - Hierarchical block <FULLADDER2> is unconnected in block <top>.
   It will be removed from the design.
WARNING:Xst:1290 - Hierarchical block <FULLADDER1> is unconnected in block <top>.
   It will be removed from the design.
WARNING:Xst:1290 - Hierarchical block <FULLADDER0> is unconnected in block <top>.
   It will be removed from the design.

=========================================================================
*                           Partition Report                            *
=========================================================================

Partition Implementation Status
-------------------------------

  No Partitions were found in this design.

-------------------------------

=========================================================================
*                            Final Report                               *
=========================================================================
Final Results
RTL Top Level Output File Name     : top.ngr
Top Level Output File Name         : top
Output Format                      : NGC
Optimization Goal                  : Speed
Keep Hierarchy                     : Yes
Target Technology                  : CoolRunner2 CPLDs
Macro Preserve                     : YES
XOR Preserve                       : YES
Clock Enable                       : YES
wysiwyg                            : NO

Design Statistics
# IOs                              : 20

Cell Usage :
# BELS                             : 5
#      GND                         : 3
#      VCC                         : 2
# IO Buffers                       : 12
#      OBUF                        : 12
=========================================================================


Total REAL time to Xst completion: 4.00 secs
Total CPU time to Xst completion: 4.13 secs
 
--> 


Total memory usage is 518816 kilobytes

Number of errors   :    0 (   0 filtered)
Number of warnings :   20 (   0 filtered)
Number of infos    :    0 (   0 filtered)

